Sums of specified columns [1, 2]: [90.0, 185000.0]